Pg 18: Similar relatinships b/w EI latency and delay have been seen in other brain regions.

Pg 18: Error duer to optical stimulation : quantify

Pg 19: Legend Fig 6d Normalization is and is sensitive 
6e: by model to give rise to DN

Pg 20: Shannon, 1948 cite
Fig 7f last line: See methods.

Fig. 8b: This results in ... This results in SDN.
